Build started 09/08/2026 13:02:59.
Logging verbosity is set to: Normal.     1>Project "C:\Users\Jacob\OneDrive\Personal Files\Development\Visual Studio\Haven AI\Source\src\Haven.Desktop\Haven.Desktop.csproj" on node 1 (CompileAvaloniaXaml target(s)).
     1>C:\Users\Jacob\OneDrive\Personal Files\Development\Visual Studio\Haven AI\Source\src\Haven.Desktop\Styles/DefaultTheme.axaml(580,13,580,13): Avalonia error AVLN2000: Unable to resolve suitable regular or attached property BoxShadow on type Avalonia.Controls:Avalonia.Controls.FlyoutPresenter Line 580, position 13. [C:\Users\Jacob\OneDrive\Personal Files\Development\Visual Studio\Haven AI\Source\src\Haven.Desktop\Haven.Desktop.csproj]
     1>C:\Users\Jacob\OneDrive\Personal Files\Development\Visual Studio\Haven AI\Source\src\Haven.Desktop\Styles/DefaultTheme.axaml(580,34,580,34): Avalonia error AVLN2200: Unable to convert property value to :.{Unknown type} Line 580, position 34. [C:\Users\Jacob\OneDrive\Personal Files\Development\Visual Studio\Haven AI\Source\src\Haven.Desktop\Haven.Desktop.csproj]
     1>C:\Users\Jacob\OneDrive\Personal Files\Development\Visual Studio\Haven AI\Source\src\Haven.Desktop\Styles/DefaultTheme.axaml(589,13,589,13): Avalonia error AVLN2000: Unable to resolve suitable regular or attached property BoxShadow on type Avalonia.Controls:Avalonia.Controls.MenuFlyoutPresenter Line 589, position 13. [C:\Users\Jacob\OneDrive\Personal Files\Development\Visual Studio\Haven AI\Source\src\Haven.Desktop\Haven.Desktop.csproj]
     1>C:\Users\Jacob\OneDrive\Personal Files\Development\Visual Studio\Haven AI\Source\src\Haven.Desktop\Styles/DefaultTheme.axaml(589,34,589,34): Avalonia error AVLN2200: Unable to convert property value to :.{Unknown type} Line 589, position 34. [C:\Users\Jacob\OneDrive\Personal Files\Development\Visual Studio\Haven AI\Source\src\Haven.Desktop\Haven.Desktop.csproj]
     1>C:\Users\Jacob\OneDrive\Personal Files\Development\Visual Studio\Haven AI\Source\src\Haven.Desktop\Styles/DefaultTheme.axaml(1082,13,1082,13): Avalonia error AVLN2000: Unable to resolve suitable regular or attached property BoxShadow on type Avalonia.Controls:Avalonia.Controls.FlyoutPresenter Line 1082, position 13. [C:\Users\Jacob\OneDrive\Personal Files\Development\Visual Studio\Haven AI\Source\src\Haven.Desktop\Haven.Desktop.csproj]
     1>C:\Users\Jacob\OneDrive\Personal Files\Development\Visual Studio\Haven AI\Source\src\Haven.Desktop\Styles/DefaultTheme.axaml(1082,34,1082,34): Avalonia error AVLN2200: Unable to convert property value to :.{Unknown type} Line 1082, position 34. [C:\Users\Jacob\OneDrive\Personal Files\Development\Visual Studio\Haven AI\Source\src\Haven.Desktop\Haven.Desktop.csproj]
     1>Done Building Project "C:\Users\Jacob\OneDrive\Personal Files\Development\Visual Studio\Haven AI\Source\src\Haven.Desktop\Haven.Desktop.csproj" (CompileAvaloniaXaml target(s)) -- FAILED.

Build FAILED.

       "C:\Users\Jacob\OneDrive\Personal Files\Development\Visual Studio\Haven AI\Source\src\Haven.Desktop\Haven.Desktop.csproj" (CompileAvaloniaXaml target) (1) ->
       (CompileAvaloniaXaml target) -> 
         C:\Users\Jacob\OneDrive\Personal Files\Development\Visual Studio\Haven AI\Source\src\Haven.Desktop\Styles/DefaultTheme.axaml(580,13,580,13): Avalonia error AVLN2000: Unable to resolve suitable regular or attached property BoxShadow on type Avalonia.Controls:Avalonia.Controls.FlyoutPresenter Line 580, position 13. [C:\Users\Jacob\OneDrive\Personal Files\Development\Visual Studio\Haven AI\Source\src\Haven.Desktop\Haven.Desktop.csproj]
         C:\Users\Jacob\OneDrive\Personal Files\Development\Visual Studio\Haven AI\Source\src\Haven.Desktop\Styles/DefaultTheme.axaml(580,34,580,34): Avalonia error AVLN2200: Unable to convert property value to :.{Unknown type} Line 580, position 34. [C:\Users\Jacob\OneDrive\Personal Files\Development\Visual Studio\Haven AI\Source\src\Haven.Desktop\Haven.Desktop.csproj]
         C:\Users\Jacob\OneDrive\Personal Files\Development\Visual Studio\Haven AI\Source\src\Haven.Desktop\Styles/DefaultTheme.axaml(589,13,589,13): Avalonia error AVLN2000: Unable to resolve suitable regular or attached property BoxShadow on type Avalonia.Controls:Avalonia.Controls.MenuFlyoutPresenter Line 589, position 13. [C:\Users\Jacob\OneDrive\Personal Files\Development\Visual Studio\Haven AI\Source\src\Haven.Desktop\Haven.Desktop.csproj]
         C:\Users\Jacob\OneDrive\Personal Files\Development\Visual Studio\Haven AI\Source\src\Haven.Desktop\Styles/DefaultTheme.axaml(589,34,589,34): Avalonia error AVLN2200: Unable to convert property value to :.{Unknown type} Line 589, position 34. [C:\Users\Jacob\OneDrive\Personal Files\Development\Visual Studio\Haven AI\Source\src\Haven.Desktop\Haven.Desktop.csproj]
         C:\Users\Jacob\OneDrive\Personal Files\Development\Visual Studio\Haven AI\Source\src\Haven.Desktop\Styles/DefaultTheme.axaml(1082,13,1082,13): Avalonia error AVLN2000: Unable to resolve suitable regular or attached property BoxShadow on type Avalonia.Controls:Avalonia.Controls.FlyoutPresenter Line 1082, position 13. [C:\Users\Jacob\OneDrive\Personal Files\Development\Visual Studio\Haven AI\Source\src\Haven.Desktop\Haven.Desktop.csproj]
         C:\Users\Jacob\OneDrive\Personal Files\Development\Visual Studio\Haven AI\Source\src\Haven.Desktop\Styles/DefaultTheme.axaml(1082,34,1082,34): Avalonia error AVLN2200: Unable to convert property value to :.{Unknown type} Line 1082, position 34. [C:\Users\Jacob\OneDrive\Personal Files\Development\Visual Studio\Haven AI\Source\src\Haven.Desktop\Haven.Desktop.csproj]

    0 Warning(s)
    6 Error(s)

Time Elapsed 00:00:02.60
