  Haven.Core -> D:\a\HavenAI\HavenAI\src\Haven.Core\bin\Release\net10.0\Haven.Core.dll
  Haven.Application -> D:\a\HavenAI\HavenAI\src\Haven.Application\bin\Release\net10.0\Haven.Application.dll
  Haven.Automations -> D:\a\HavenAI\HavenAI\src\Haven.Automations\bin\Release\net10.0\Haven.Automations.dll
  Haven.Browser -> D:\a\HavenAI\HavenAI\src\Haven.Browser\bin\Release\net10.0\Haven.Browser.dll
  Haven.Infrastructure -> D:\a\HavenAI\HavenAI\src\Haven.Infrastructure\bin\Release\net10.0\Haven.Infrastructure.dll
C:\Users\runneradmin\.nuget\packages\webrtcvadsharp\1.3.2\build\WebRtcVadSharp.targets(4,3): warning : This project's platform is set to '', but it requires a native DLL (WebRtcVad.dll). Defaulting to 'x64' binaries. Explicitly choose a platform in the project's Build properties to remove this warning. [D:\a\HavenAI\HavenAI\src\Haven.Infrastructure\Haven.Infrastructure.csproj]
  Haven.Core.Tests -> D:\a\HavenAI\HavenAI\tests\Haven.Core.Tests\bin\Release\net10.0\Haven.Core.Tests.dll
  Haven.AutomationWorker -> D:\a\HavenAI\HavenAI\src\Haven.AutomationWorker\bin\Release\net10.0\Haven.AutomationWorker.dll
  Haven.Infrastructure.Tests -> D:\a\HavenAI\HavenAI\tests\Haven.Infrastructure.Tests\bin\Release\net10.0\Haven.Infrastructure.Tests.dll
D:\a\HavenAI\HavenAI\src\Haven.Desktop\Views\Pages\WorkspaceHome\WorkspaceHomePage.axaml.cs(84,13): error CS0618: 'TextBox.Watermark' is obsolete: 'Use PlaceholderText instead.' [D:\a\HavenAI\HavenAI\src\Haven.Desktop\Haven.Desktop.csproj]
D:\a\HavenAI\HavenAI\src\Haven.Desktop\Views\Pages\WorkspaceHome\WorkspaceHomePage.axaml.cs(160,43): error CS0103: The name 'ScrollBarVisibility' does not exist in the current context [D:\a\HavenAI\HavenAI\src\Haven.Desktop\Haven.Desktop.csproj]
D:\a\HavenAI\HavenAI\src\Haven.Desktop\Views\Pages\ProjectCreator\ProjectCreatorPage.GitHub.cs(37,13): error CS0618: 'TextBox.Watermark' is obsolete: 'Use PlaceholderText instead.' [D:\a\HavenAI\HavenAI\src\Haven.Desktop\Haven.Desktop.csproj]
D:\a\HavenAI\HavenAI\src\Haven.Desktop\Views\Pages\Chat\ChatPage.CodeBehindLayout.cs(89,13): error CS0618: 'TextBox.Watermark' is obsolete: 'Use PlaceholderText instead.' [D:\a\HavenAI\HavenAI\src\Haven.Desktop\Haven.Desktop.csproj]
D:\a\HavenAI\HavenAI\src\Haven.Desktop\Views\Pages\Chat\ChatPage.CodeBehindLayout.cs(243,13): error CS0618: 'TextBox.Watermark' is obsolete: 'Use PlaceholderText instead.' [D:\a\HavenAI\HavenAI\src\Haven.Desktop\Haven.Desktop.csproj]

Build FAILED.

C:\Users\runneradmin\.nuget\packages\webrtcvadsharp\1.3.2\build\WebRtcVadSharp.targets(4,3): warning : This project's platform is set to '', but it requires a native DLL (WebRtcVad.dll). Defaulting to 'x64' binaries. Explicitly choose a platform in the project's Build properties to remove this warning. [D:\a\HavenAI\HavenAI\src\Haven.Infrastructure\Haven.Infrastructure.csproj]
D:\a\HavenAI\HavenAI\src\Haven.Desktop\Views\Pages\WorkspaceHome\WorkspaceHomePage.axaml.cs(84,13): error CS0618: 'TextBox.Watermark' is obsolete: 'Use PlaceholderText instead.' [D:\a\HavenAI\HavenAI\src\Haven.Desktop\Haven.Desktop.csproj]
D:\a\HavenAI\HavenAI\src\Haven.Desktop\Views\Pages\WorkspaceHome\WorkspaceHomePage.axaml.cs(160,43): error CS0103: The name 'ScrollBarVisibility' does not exist in the current context [D:\a\HavenAI\HavenAI\src\Haven.Desktop\Haven.Desktop.csproj]
D:\a\HavenAI\HavenAI\src\Haven.Desktop\Views\Pages\ProjectCreator\ProjectCreatorPage.GitHub.cs(37,13): error CS0618: 'TextBox.Watermark' is obsolete: 'Use PlaceholderText instead.' [D:\a\HavenAI\HavenAI\src\Haven.Desktop\Haven.Desktop.csproj]
D:\a\HavenAI\HavenAI\src\Haven.Desktop\Views\Pages\Chat\ChatPage.CodeBehindLayout.cs(89,13): error CS0618: 'TextBox.Watermark' is obsolete: 'Use PlaceholderText instead.' [D:\a\HavenAI\HavenAI\src\Haven.Desktop\Haven.Desktop.csproj]
D:\a\HavenAI\HavenAI\src\Haven.Desktop\Views\Pages\Chat\ChatPage.CodeBehindLayout.cs(243,13): error CS0618: 'TextBox.Watermark' is obsolete: 'Use PlaceholderText instead.' [D:\a\HavenAI\HavenAI\src\Haven.Desktop\Haven.Desktop.csproj]
    1 Warning(s)
    5 Error(s)

Time Elapsed 00:01:09.12
